ets Jul 29 2019 12:21:46

rst:0x1 (POWERON_RESET),boot:0x13 (SPI_FAST_FLASH_BOOT)
configsip: 0, SPIWP:0xee
clk_drv:0x00,q_drv:0x00,d_drv:0x00,cs0_drv:0x00,hd_drv:0x00,wp_drv:0x00
mode:DIO, clock div:2
load:0x3fff0030,len:7172
load:0x40078000,len:15540
load:0x40080400,len:4
ho 8 tail 4 room 4
load:0x40080404,len:3904
entry 0x40080640
[0;32mI (31) boot: ESP-IDF v5.2.1 2nd stage bootloader[0m
[0;32mI (31) boot: compile time Apr 30 2024 22:55:45[0m
[0;32mI (31) boot: Multicore bootloader[0m
[0;32mI (35) boot: chip revision: v3.0[0m
[0;32mI (39) boot.esp32: SPI Speed      : 40MHz[0m
[0;32mI (44) boot.esp32: SPI Mode       : DIO[0m
[0;32mI (48) boot.esp32: SPI Flash Size : 2MB[0m
[0;32mI (53) boot: Enabling RNG early entropy source...[0m
[0;32mI (58) boot: Partition Table:[0m
[0;32mI (62) boot: ## Label            Usage          Type ST Offset   Length[0m
[0;32mI (69) boot:  0 nvs              WiFi data        01 02 00009000 00006000[0m
[0;32mI (77) boot:  1 phy_init         RF data          01 01 0000f000 00001000[0m
[0;32mI (84) boot:  2 factory          factory app      00 00 00010000 00100000[0m
[0;32mI (92) boot: End of partition table[0m
[0;32mI (96) esp_image: segment 0: paddr=00010020 vaddr=3f400020 size=23c38h (146488) map[0m
[0;32mI (154) esp_image: segment 1: paddr=00033c60 vaddr=3ffb0000 size=03ba4h ( 15268) load[0m
[0;32mI (160) esp_image: segment 2: paddr=0003780c vaddr=40080000 size=0880ch ( 34828) load[0m
[0;32mI (174) esp_image: segment 3: paddr=00040020 vaddr=400d0020 size=89968h (563560) map[0m
[0;32mI (368) esp_image: segment 4: paddr=000c9990 vaddr=4008880c size=0de70h ( 56944) load[0m
[0;32mI (401) boot: Loaded app from partition at offset 0x10000[0m
[0;32mI (401) boot: Disabling RNG early entropy source...[0m
[0;32mI (413) cpu_start: Multicore app[0m
[0;32mI (422) cpu_start: Pro cpu start user code[0m
[0;32mI (422) cpu_start: cpu freq: 160000000 Hz[0m
[0;32mI (422) cpu_start: Application information:[0m
[0;32mI (425) cpu_start: Project name:     hello_world[0m
[0;32mI (430) cpu_start: App version:      1656388-dirty[0m
[0;32mI (436) cpu_start: Compile time:     Apr 30 2024 22:55:38[0m
[0;32mI (442) cpu_start: ELF file SHA256:  96763a74c...[0m
[0;32mI (447) cpu_start: ESP-IDF:          v5.2.1[0m
[0;32mI (452) cpu_start: Min chip rev:     v0.0[0m
[0;32mI (457) cpu_start: Max chip rev:     v3.99 [0m
[0;32mI (461) cpu_start: Chip rev:         v3.0[0m
[0;32mI (466) heap_init: Initializing. RAM available for dynamic allocation:[0m
[0;32mI (474) heap_init: At 3FFAE6E0 len 00001920 (6 KiB): DRAM[0m
[0;32mI (479) heap_init: At 3FFB7CB8 len 00028348 (160 KiB): DRAM[0m
[0;32mI (486) heap_init: At 3FFE0440 len 00003AE0 (14 KiB): D/IRAM[0m
[0;32mI (492) heap_init: At 3FFE4350 len 0001BCB0 (111 KiB): D/IRAM[0m
[0;32mI (498) heap_init: At 4009667C len 00009984 (38 KiB): IRAM[0m
[0;32mI (506) spi_flash: detected chip: generic[0m
[0;32mI (509) spi_flash: flash io: dio[0m
[0;33mW (513) spi_flash: Detected size(4096k) larger than the size in the binary image header(2048k). Using the size in the binary image header.[0m
[0;32mI (527) main_task: Started on CPU0[0m
[0;32mI (537) main_task: Calling app_main()[0m
I (577) wifi:wifi driver task: 3ffbfc30, prio:23, stack:6656, core=0
I (587) wifi:wifi firmware version: a9f5b59
I (587) wifi:wifi certification version: v7.0
I (597) wifi:config NVS flash: enabled
I (597) wifi:config nano formating: disabled
I (597) wifi:Init data frame dynamic rx buffer num: 32
I (597) wifi:Init static rx mgmt buffer num: 5
I (607) wifi:Init management short buffer num: 32
I (607) wifi:Init dynamic tx buffer num: 32
I (617) wifi:Init static rx buffer size: 1600
I (617) wifi:Init static rx buffer num: 10
I (617) wifi:Init dynamic rx buffer num: 32
[0;32mI (627) wifi_init: rx ba win: 6[0m
[0;32mI (627) wifi_init: tcpip mbox: 32[0m
[0;32mI (637) wifi_init: udp mbox: 6[0m
[0;32mI (637) wifi_init: tcp mbox: 6[0m
[0;32mI (637) wifi_init: tcp tx win: 5760[0m
[0;32mI (647) wifi_init: tcp rx win: 5760[0m
[0;32mI (647) wifi_init: tcp mss: 1440[0m
[0;32mI (657) wifi_init: WiFi IRAM OP enabled[0m
[0;32mI (657) wifi_init: WiFi RX IRAM OP enabled[0m
[0;32mI (667) phy_init: phy_version 4791,2c4672b,Dec 20 2023,16:06:06[0m
I (757) wifi:mode : sta (30:c6:f7:43:0d:14)
I (757) wifi:enable tsf
[0;32mI (767) main_task: Returned from app_main()[0m
I (777) wifi:new:<6,0>, old:<1,0>, ap:<255,255>, sta:<6,0>, prof:1
I (777) wifi:state: init -> auth (b0)
I (787) wifi:state: auth -> assoc (0)
I (877) wifi:state: assoc -> run (10)
I (907) wifi:connected with Galaxy M213EBB, aid = 3, channel 6, BW20, bssid = 5a:88:2a:92:67:10
I (907) wifi:security: WPA2-PSK, phy: bgn, rssi: -37
I (917) wifi:pm start, type: 1

I (917) wifi:dp: 1, bi: 102400, li: 3, scale listen interval from 307200 us to 307200 us
I (947) wifi:<ba-add>idx:0 (ifx:0, 5a:88:2a:92:67:10), tid:0, ssn:0, winSize:64
I (997) wifi:dp: 2, bi: 102400, li: 4, scale listen interval from 307200 us to 409600 us
I (997) wifi:AP's beacon interval = 102400 us, DTIM period = 2
[0;32mI (1927) esp_netif_handlers: sta ip: 192.168.249.81, mask: 255.255.255.0, gw: 192.168.249.27[0m
ï¿½ï¿½ï¿½ï¿½ï¿½ï¿½ï¿½ï¿½ï¿½ï¿½ï¿½ï¿½ï¿½ï¿½ï¿½ï¿½ï¿½ï¿½ï¿½ï¿½ï¿½ï¿½ï¿½ï¿½ï¿½ï¿½ï¿½ï¿½ï¿½ï¿½ï¿½ï¿½ï¿½ï¿½ï¿½ï¿½ï¿½ï¿½ï¿½ï¿½ï¿½ï¿½ï¿½ï¿½ï¿½ï¿½ï¿½ï¿½ï¿½ï¿½ï¿½ï¿½ï¿½ï¿½ï¿½ï¿½ï¿½ï¿½ï¿½ï¿½ï¿½ï¿½ï¿½ï¿½d_uri: URI '/' not found[0m
[0;33mW (24357) httpd_txrx: httpd_resp_send_err: 404 Not Found - Nothing matches the given URI[0m
[0;33mW (24437) httpd_uri: httpd_uri: URI '/robots.txt' not found[0m
[0;33mW (24437) httpd_txrx: httpd_resp_send_err: 404 Not Found - Nothing matches the given URI[0m
[0;33mW (26197) httpd_uri: httpd_uri: URI '/' not found[0m
[0;33mW (26197) httpd_txrx: httpd_resp_send_err: 404 Not Found - Nothing matches the given URI[0m
[0;33mW (26397) httpd_uri: httpd_uri: URI '/favicon.ico' not found[0m
[0;33mW (26397) httpd_txrx: httpd_resp_send_err: 404 Not Found - Nothing matches the given URI[0m
Zmiana stanu leda[0;33mW (37807) httpd_txrx: httpd_resp_send_err: 500 Internal Server Error - Server has encountered an unexpected error[0m
